// Vitest Snapshot v1, https://vitest.dev/guide/snapshot.html

exports[`mount component 1`] = `
"<div data-v-3d2a298a="" data-v-f2c20222="" class="ha-dialog hm-popup">
  <div data-v-3d2a298a="" class="dialog-window"><span data-v-f2c20222="" class="hm-popup-title">title</span>
    <p data-v-f2c20222="" class="hm-popup-description">description</p>
    <div data-v-f2c20222="" class="hm-popup-wrapper">
      <div data-v-f2c20222="" class="hm-popup-button"><button data-v-44e0d85b="" data-v-83b235bf="" data-v-f2c20222="" class="ha-base-button hm-button -warning -md item" type="button">cancel</button></div>
      <div data-v-f2c20222="" class="hm-popup-button"><button data-v-44e0d85b="" data-v-83b235bf="" data-v-f2c20222="" class="ha-base-button hm-button -primary -md item" type="button">confirm</button></div>
    </div>
  </div>
</div>"
`;
