// Vitest Snapshot v1, https://vitest.dev/guide/snapshot.html

exports[`mount component 1`] = `
"<div data-v-f4f8fa4e="" class="ha-textarea"><label data-v-f4f8fa4e="" class="label">
    <!--v-if--><textarea data-v-f4f8fa4e="" type="text" placeholder="Input Text" rows="5" class="input"></textarea>
  </label>
  <p data-v-f4f8fa4e="" class="error-container">
    <!--v-if-->
  </p>
</div>"
`;
