// Vitest Snapshot v1, https://vitest.dev/guide/snapshot.html

exports[`mount component 1`] = `
"<div data-v-e7598008="" class="hm-input-single-image">
  <div data-v-e7598008="" class="wrapper">
    <!-- TODO: エラーメッセージの表示をする際に、必要に応じてHmInputTextBase.vue同様の修正(DOM構造とエラーmsgのstyle)を行う --><label data-v-f233eea7="" data-v-e7598008="" class="hm-input-file hm-single-image-uploader"><input data-v-fc3f65b2="" data-v-f233eea7="" class="ha-base-input input" type="file" accept="image/png,image/jpeg" name="file" required="">
      <div data-v-f233eea7="" class="image-box">
        <div data-v-f233eea7="" class="inner"><span data-v-f233eea7="" class="text"> Select file or drag it! </span></div>
      </div>
    </label>
  </div>
  <p data-v-e7598008="" class="error-container">
    <!--v-if-->
  </p>
  <!--v-if-->
  <!--v-if-->
</div>"
`;
