// Vitest Snapshot v1, https://vitest.dev/guide/snapshot.html

exports[`mount component 1`] = `
"<!-- TODO: エラーメッセージの表示をする際に、必要に応じてHmInputTextBase.vue同様の修正(DOM構造とエラーmsgのstyle)を行う -->
<label data-v-f233eea7="" class="hm-input-file"><input data-v-fc3f65b2="" data-v-f233eea7="" class="ha-base-input input" type="file" accept="" name="file">
  <div data-v-f233eea7="" class="image-box">
    <div data-v-f233eea7="" class="inner"><span data-v-f233eea7="" class="text"> Select file or drag it! </span></div>
  </div>
</label>"
`;
