// Vitest Snapshot v1, https://vitest.dev/guide/snapshot.html

exports[`mount component 1`] = `
"<div data-v-335fcd27="" tag="div" class="hm-input-text"><label data-v-335fcd27="" class="label">
    <!--v-if--><input data-v-fc3f65b2="" data-v-335fcd27="" class="ha-base-input input" type="text" placeholder="Input Text" value="">
  </label>
  <!--v-if-->
</div>"
`;
